// Vitest Snapshot v1, https://vitest.dev/guide/snapshot.html

exports[`AppDownload Component > matches snapshot 1`] = `
<section
  aria-label="App Download"
  class="app-download"
  id="app-download"
>
  <p>
    For Better Experience Download 
    <br />
     QuikBite
  </p>
  <div
    class="app-download-platforms"
  >
    <img
      alt="google image"
      src="mocked-assets/store/googleplay.png"
    />
    <img
      alt="apple image"
      src="mocked-assets/store/appstore2.png"
    />
  </div>
</section>
`;
